[0.014s] Invoking command in '/home/hust/interbotix_ws/src/rx150_pick_place/build/rx150_pick_place': CMAKE_PREFIX_PATH=${CMAKE_PREFIX_PATH}:/home/hust/interbotix_ws/install/interbotix_xs_modules:/home/hust/interbotix_ws/install/interbotix_perception_modules:/home/hust/interbotix_ws/install/interbotix_common_modules:/home/hust/interbotix_ws/install/dynamixel_workbench_toolbox:/home/hust/easy_handeye2_ws/install/easy_handeye2:/home/hust/ws_moveit/install/moveit_configs_utils:/home/hust/ws_moveit/install/launch_param_builder:/opt/ros/humble /usr/bin/cmake --build /home/hust/interbotix_ws/src/rx150_pick_place/build/rx150_pick_place -- -j16 -l16
[0.050s] Invoked command in '/home/hust/interbotix_ws/src/rx150_pick_place/build/rx150_pick_place' returned '0': CMAKE_PREFIX_PATH=${CMAKE_PREFIX_PATH}:/home/hust/interbotix_ws/install/interbotix_xs_modules:/home/hust/interbotix_ws/install/interbotix_perception_modules:/home/hust/interbotix_ws/install/interbotix_common_modules:/home/hust/interbotix_ws/install/dynamixel_workbench_toolbox:/home/hust/easy_handeye2_ws/install/easy_handeye2:/home/hust/ws_moveit/install/moveit_configs_utils:/home/hust/ws_moveit/install/launch_param_builder:/opt/ros/humble /usr/bin/cmake --build /home/hust/interbotix_ws/src/rx150_pick_place/build/rx150_pick_place -- -j16 -l16
[0.059s] Invoking command in '/home/hust/interbotix_ws/src/rx150_pick_place/build/rx150_pick_place': CMAKE_PREFIX_PATH=${CMAKE_PREFIX_PATH}:/home/hust/interbotix_ws/install/interbotix_xs_modules:/home/hust/interbotix_ws/install/interbotix_perception_modules:/home/hust/interbotix_ws/install/interbotix_common_modules:/home/hust/interbotix_ws/install/dynamixel_workbench_toolbox:/home/hust/easy_handeye2_ws/install/easy_handeye2:/home/hust/ws_moveit/install/moveit_configs_utils:/home/hust/ws_moveit/install/launch_param_builder:/opt/ros/humble /usr/bin/cmake --install /home/hust/interbotix_ws/src/rx150_pick_place/build/rx150_pick_place
[0.066s] -- Install configuration: ""
[0.067s] -- Execute custom install script
[0.067s] -- Up-to-date symlink: /home/hust/interbotix_ws/src/rx150_pick_place/install/rx150_pick_place/lib/rx150_pick_place/rx150_pick_place/__init__.py
[0.067s] -- Up-to-date symlink: /home/hust/interbotix_ws/src/rx150_pick_place/install/rx150_pick_place/lib/rx150_pick_place/rx150_pick_place/__pycache__/__init__.cpython-310.pyc
[0.067s] -- Up-to-date symlink: /home/hust/interbotix_ws/src/rx150_pick_place/install/rx150_pick_place/lib/rx150_pick_place/rx150_pick_place/__pycache__/kinematics.cpython-310.pyc
[0.067s] -- Symlinking: /home/hust/interbotix_ws/src/rx150_pick_place/install/rx150_pick_place/lib/rx150_pick_place/rx150_pick_place/__pycache__/motion.cpython-310.pyc
[0.075s] -- Up-to-date symlink: /home/hust/interbotix_ws/src/rx150_pick_place/install/rx150_pick_place/lib/rx150_pick_place/rx150_pick_place/detection.py
[0.075s] -- Up-to-date symlink: /home/hust/interbotix_ws/src/rx150_pick_place/install/rx150_pick_place/lib/rx150_pick_place/rx150_pick_place/gripper.py
[0.075s] -- Up-to-date symlink: /home/hust/interbotix_ws/src/rx150_pick_place/install/rx150_pick_place/lib/rx150_pick_place/rx150_pick_place/kinematics.py
[0.076s] -- Up-to-date symlink: /home/hust/interbotix_ws/src/rx150_pick_place/install/rx150_pick_place/lib/rx150_pick_place/rx150_pick_place/motion.py
[0.076s] -- Up-to-date symlink: /home/hust/interbotix_ws/src/rx150_pick_place/install/rx150_pick_place/lib/rx150_pick_place/rx150_pick_place/params.py
[0.076s] -- Up-to-date symlink: /home/hust/interbotix_ws/src/rx150_pick_place/install/rx150_pick_place/lib/rx150_pick_place/rx150_pick_place/scene.py
[0.076s] -- Up-to-date symlink: /home/hust/interbotix_ws/src/rx150_pick_place/install/rx150_pick_place/lib/rx150_pick_place/rx150_pick_place/skills.py
[0.076s] -- Up-to-date symlink: /home/hust/interbotix_ws/src/rx150_pick_place/install/rx150_pick_place/lib/rx150_pick_place/rx150_pick_place/status.py
[0.076s] -- Up-to-date symlink: /home/hust/interbotix_ws/src/rx150_pick_place/install/rx150_pick_place/lib/rx150_pick_place/pick_place_moveit_node.py
[0.076s] -- Up-to-date symlink: /home/hust/interbotix_ws/src/rx150_pick_place/install/rx150_pick_place/lib/rx150_pick_place/tube_rack_node.py
[0.076s] -- Up-to-date symlink: /home/hust/interbotix_ws/src/rx150_pick_place/install/rx150_pick_place/lib/rx150_pick_place/rx150_reach_check.py
[0.076s] -- Up-to-date symlink: /home/hust/interbotix_ws/src/rx150_pick_place/install/rx150_pick_place/share/rx150_pick_place/launch/pick_place.launch.py
[0.076s] -- Up-to-date symlink: /home/hust/interbotix_ws/src/rx150_pick_place/install/rx150_pick_place/share/rx150_pick_place/launch/tube_rack.launch.py
[0.076s] -- Up-to-date symlink: /home/hust/interbotix_ws/src/rx150_pick_place/install/rx150_pick_place/share/rx150_pick_place/config/pick_place_params.yaml
[0.076s] -- Up-to-date symlink: /home/hust/interbotix_ws/src/rx150_pick_place/install/rx150_pick_place/share/rx150_pick_place/config/tube_rack_params.yaml
[0.076s] -- Up-to-date symlink: /home/hust/interbotix_ws/src/rx150_pick_place/install/rx150_pick_place/share/rx150_pick_place/environment/rx150_pick_place_pythonpath.dsv
[0.076s] -- Up-to-date symlink: /home/hust/interbotix_ws/src/rx150_pick_place/install/rx150_pick_place/share/ament_index/resource_index/package_run_dependencies/rx150_pick_place
[0.076s] -- Up-to-date symlink: /home/hust/interbotix_ws/src/rx150_pick_place/install/rx150_pick_place/share/ament_index/resource_index/parent_prefix_path/rx150_pick_place
[0.077s] -- Up-to-date symlink: /home/hust/interbotix_ws/src/rx150_pick_place/install/rx150_pick_place/share/rx150_pick_place/environment/ament_prefix_path.sh
[0.077s] -- Up-to-date symlink: /home/hust/interbotix_ws/src/rx150_pick_place/install/rx150_pick_place/share/rx150_pick_place/environment/ament_prefix_path.dsv
[0.077s] -- Up-to-date symlink: /home/hust/interbotix_ws/src/rx150_pick_place/install/rx150_pick_place/share/rx150_pick_place/environment/path.sh
[0.077s] -- Up-to-date symlink: /home/hust/interbotix_ws/src/rx150_pick_place/install/rx150_pick_place/share/rx150_pick_place/environment/path.dsv
[0.077s] -- Up-to-date symlink: /home/hust/interbotix_ws/src/rx150_pick_place/install/rx150_pick_place/share/rx150_pick_place/local_setup.bash
[0.077s] -- Up-to-date symlink: /home/hust/interbotix_ws/src/rx150_pick_place/install/rx150_pick_place/share/rx150_pick_place/local_setup.sh
[0.077s] -- Up-to-date symlink: /home/hust/interbotix_ws/src/rx150_pick_place/install/rx150_pick_place/share/rx150_pick_place/local_setup.zsh
[0.077s] -- Up-to-date symlink: /home/hust/interbotix_ws/src/rx150_pick_place/install/rx150_pick_place/share/rx150_pick_place/local_setup.dsv
[0.077s] -- Symlinking: /home/hust/interbotix_ws/src/rx150_pick_place/install/rx150_pick_place/share/rx150_pick_place/package.dsv
[0.086s] -- Up-to-date symlink: /home/hust/interbotix_ws/src/rx150_pick_place/install/rx150_pick_place/share/ament_index/resource_index/packages/rx150_pick_place
[0.086s] -- Up-to-date symlink: /home/hust/interbotix_ws/src/rx150_pick_place/install/rx150_pick_place/share/rx150_pick_place/cmake/rx150_pick_placeConfig.cmake
[0.086s] -- Up-to-date symlink: /home/hust/interbotix_ws/src/rx150_pick_place/install/rx150_pick_place/share/rx150_pick_place/cmake/rx150_pick_placeConfig-version.cmake
[0.086s] -- Up-to-date symlink: /home/hust/interbotix_ws/src/rx150_pick_place/install/rx150_pick_place/share/rx150_pick_place/package.xml
[0.087s] Invoked command in '/home/hust/interbotix_ws/src/rx150_pick_place/build/rx150_pick_place' returned '0': CMAKE_PREFIX_PATH=${CMAKE_PREFIX_PATH}:/home/hust/interbotix_ws/install/interbotix_xs_modules:/home/hust/interbotix_ws/install/interbotix_perception_modules:/home/hust/interbotix_ws/install/interbotix_common_modules:/home/hust/interbotix_ws/install/dynamixel_workbench_toolbox:/home/hust/easy_handeye2_ws/install/easy_handeye2:/home/hust/ws_moveit/install/moveit_configs_utils:/home/hust/ws_moveit/install/launch_param_builder:/opt/ros/humble /usr/bin/cmake --install /home/hust/interbotix_ws/src/rx150_pick_place/build/rx150_pick_place
