[0.013s] Invoking command in '/home/hust/interbotix_ws/src/rx150_pick_place/build/rx150_pick_place': CMAKE_PREFIX_PATH=${CMAKE_PREFIX_PATH}:/home/hust/interbotix_ws/install/interbotix_xs_modules:/home/hust/interbotix_ws/install/interbotix_perception_modules:/home/hust/interbotix_ws/install/interbotix_common_modules:/home/hust/interbotix_ws/install/dynamixel_workbench_toolbox:/home/hust/easy_handeye2_ws/install/easy_handeye2:/home/hust/ws_moveit/install/moveit_configs_utils:/home/hust/ws_moveit/install/launch_param_builder:/opt/ros/humble /usr/bin/cmake /home/hust/interbotix_ws/src/rx150_pick_place -DAMENT_CMAKE_SYMLINK_INSTALL=1 -DCMAKE_INSTALL_PREFIX=/home/hust/interbotix_ws/src/rx150_pick_place/install/rx150_pick_place
[0.069s] -- The C compiler identification is GNU 11.4.0
[0.108s] -- The CXX compiler identification is GNU 11.4.0
[0.115s] -- Detecting C compiler ABI info
[0.181s] -- Detecting C compiler ABI info - done
[0.185s] -- Check for working C compiler: /usr/bin/cc - skipped
[0.185s] -- Detecting C compile features
[0.186s] -- Detecting C compile features - done
[0.188s] -- Detecting CXX compiler ABI info
[0.262s] -- Detecting CXX compiler ABI info - done
[0.266s] -- Check for working CXX compiler: /usr/bin/c++ - skipped
[0.267s] -- Detecting CXX compile features
[0.267s] -- Detecting CXX compile features - done
[0.274s] -- Found ament_cmake: 1.3.14 (/opt/ros/humble/share/ament_cmake/cmake)
[0.569s] -- Found Python3: /usr/bin/python3 (found version "3.10.12") found components: Interpreter 
[0.617s] -- Override CMake install command with custom implementation using symlinks instead of copying resources
[0.704s] -- Found ament_cmake_pytest: 1.3.14 (/opt/ros/humble/share/ament_cmake_pytest/cmake)
[0.966s] -- Configuring done
[0.967s] -- Generating done
[0.968s] -- Build files have been written to: /home/hust/interbotix_ws/src/rx150_pick_place/build/rx150_pick_place
[0.971s] Invoked command in '/home/hust/interbotix_ws/src/rx150_pick_place/build/rx150_pick_place' returned '0': CMAKE_PREFIX_PATH=${CMAKE_PREFIX_PATH}:/home/hust/interbotix_ws/install/interbotix_xs_modules:/home/hust/interbotix_ws/install/interbotix_perception_modules:/home/hust/interbotix_ws/install/interbotix_common_modules:/home/hust/interbotix_ws/install/dynamixel_workbench_toolbox:/home/hust/easy_handeye2_ws/install/easy_handeye2:/home/hust/ws_moveit/install/moveit_configs_utils:/home/hust/ws_moveit/install/launch_param_builder:/opt/ros/humble /usr/bin/cmake /home/hust/interbotix_ws/src/rx150_pick_place -DAMENT_CMAKE_SYMLINK_INSTALL=1 -DCMAKE_INSTALL_PREFIX=/home/hust/interbotix_ws/src/rx150_pick_place/install/rx150_pick_place
[0.972s] Invoking command in '/home/hust/interbotix_ws/src/rx150_pick_place/build/rx150_pick_place': CMAKE_PREFIX_PATH=${CMAKE_PREFIX_PATH}:/home/hust/interbotix_ws/install/interbotix_xs_modules:/home/hust/interbotix_ws/install/interbotix_perception_modules:/home/hust/interbotix_ws/install/interbotix_common_modules:/home/hust/interbotix_ws/install/dynamixel_workbench_toolbox:/home/hust/easy_handeye2_ws/install/easy_handeye2:/home/hust/ws_moveit/install/moveit_configs_utils:/home/hust/ws_moveit/install/launch_param_builder:/opt/ros/humble /usr/bin/cmake --build /home/hust/interbotix_ws/src/rx150_pick_place/build/rx150_pick_place -- -j16 -l16
[1.010s] Invoked command in '/home/hust/interbotix_ws/src/rx150_pick_place/build/rx150_pick_place' returned '0': CMAKE_PREFIX_PATH=${CMAKE_PREFIX_PATH}:/home/hust/interbotix_ws/install/interbotix_xs_modules:/home/hust/interbotix_ws/install/interbotix_perception_modules:/home/hust/interbotix_ws/install/interbotix_common_modules:/home/hust/interbotix_ws/install/dynamixel_workbench_toolbox:/home/hust/easy_handeye2_ws/install/easy_handeye2:/home/hust/ws_moveit/install/moveit_configs_utils:/home/hust/ws_moveit/install/launch_param_builder:/opt/ros/humble /usr/bin/cmake --build /home/hust/interbotix_ws/src/rx150_pick_place/build/rx150_pick_place -- -j16 -l16
[1.020s] Invoking command in '/home/hust/interbotix_ws/src/rx150_pick_place/build/rx150_pick_place': CMAKE_PREFIX_PATH=${CMAKE_PREFIX_PATH}:/home/hust/interbotix_ws/install/interbotix_xs_modules:/home/hust/interbotix_ws/install/interbotix_perception_modules:/home/hust/interbotix_ws/install/interbotix_common_modules:/home/hust/interbotix_ws/install/dynamixel_workbench_toolbox:/home/hust/easy_handeye2_ws/install/easy_handeye2:/home/hust/ws_moveit/install/moveit_configs_utils:/home/hust/ws_moveit/install/launch_param_builder:/opt/ros/humble /usr/bin/cmake --install /home/hust/interbotix_ws/src/rx150_pick_place/build/rx150_pick_place
[1.027s] -- Install configuration: ""
[1.027s] -- Execute custom install script
[1.028s] -- Symlinking: /home/hust/interbotix_ws/src/rx150_pick_place/install/rx150_pick_place/lib/rx150_pick_place/rx150_pick_place/__init__.py
[1.036s] -- Symlinking: /home/hust/interbotix_ws/src/rx150_pick_place/install/rx150_pick_place/lib/rx150_pick_place/rx150_pick_place/__pycache__/__init__.cpython-310.pyc
[1.042s] -- Symlinking: /home/hust/interbotix_ws/src/rx150_pick_place/install/rx150_pick_place/lib/rx150_pick_place/rx150_pick_place/__pycache__/kinematics.cpython-310.pyc
[1.049s] -- Symlinking: /home/hust/interbotix_ws/src/rx150_pick_place/install/rx150_pick_place/lib/rx150_pick_place/rx150_pick_place/__pycache__/motion.cpython-310.pyc
[1.056s] -- Symlinking: /home/hust/interbotix_ws/src/rx150_pick_place/install/rx150_pick_place/lib/rx150_pick_place/rx150_pick_place/detection.py
[1.064s] -- Symlinking: /home/hust/interbotix_ws/src/rx150_pick_place/install/rx150_pick_place/lib/rx150_pick_place/rx150_pick_place/gripper.py
[1.071s] -- Symlinking: /home/hust/interbotix_ws/src/rx150_pick_place/install/rx150_pick_place/lib/rx150_pick_place/rx150_pick_place/kinematics.py
[1.078s] -- Symlinking: /home/hust/interbotix_ws/src/rx150_pick_place/install/rx150_pick_place/lib/rx150_pick_place/rx150_pick_place/motion.py
[1.085s] -- Symlinking: /home/hust/interbotix_ws/src/rx150_pick_place/install/rx150_pick_place/lib/rx150_pick_place/rx150_pick_place/params.py
[1.092s] -- Symlinking: /home/hust/interbotix_ws/src/rx150_pick_place/install/rx150_pick_place/lib/rx150_pick_place/rx150_pick_place/scene.py
[1.101s] -- Symlinking: /home/hust/interbotix_ws/src/rx150_pick_place/install/rx150_pick_place/lib/rx150_pick_place/rx150_pick_place/skills.py
[1.108s] -- Symlinking: /home/hust/interbotix_ws/src/rx150_pick_place/install/rx150_pick_place/lib/rx150_pick_place/rx150_pick_place/status.py
[1.115s] -- Symlinking: /home/hust/interbotix_ws/src/rx150_pick_place/install/rx150_pick_place/lib/rx150_pick_place/pick_place_moveit_node.py
[1.122s] -- Symlinking: /home/hust/interbotix_ws/src/rx150_pick_place/install/rx150_pick_place/lib/rx150_pick_place/tube_rack_node.py
[1.130s] -- Symlinking: /home/hust/interbotix_ws/src/rx150_pick_place/install/rx150_pick_place/lib/rx150_pick_place/rx150_reach_check.py
[1.138s] -- Symlinking: /home/hust/interbotix_ws/src/rx150_pick_place/install/rx150_pick_place/share/rx150_pick_place/launch/pick_place.launch.py
[1.146s] -- Symlinking: /home/hust/interbotix_ws/src/rx150_pick_place/install/rx150_pick_place/share/rx150_pick_place/launch/tube_rack.launch.py
[1.154s] -- Symlinking: /home/hust/interbotix_ws/src/rx150_pick_place/install/rx150_pick_place/share/rx150_pick_place/config/pick_place_params.yaml
[1.161s] -- Symlinking: /home/hust/interbotix_ws/src/rx150_pick_place/install/rx150_pick_place/share/rx150_pick_place/config/tube_rack_params.yaml
[1.168s] -- Symlinking: /home/hust/interbotix_ws/src/rx150_pick_place/install/rx150_pick_place/share/rx150_pick_place/environment/rx150_pick_place_pythonpath.dsv
[1.175s] -- Symlinking: /home/hust/interbotix_ws/src/rx150_pick_place/install/rx150_pick_place/share/ament_index/resource_index/package_run_dependencies/rx150_pick_place
[1.182s] -- Symlinking: /home/hust/interbotix_ws/src/rx150_pick_place/install/rx150_pick_place/share/ament_index/resource_index/parent_prefix_path/rx150_pick_place
[1.189s] -- Symlinking: /home/hust/interbotix_ws/src/rx150_pick_place/install/rx150_pick_place/share/rx150_pick_place/environment/ament_prefix_path.sh
[1.196s] -- Symlinking: /home/hust/interbotix_ws/src/rx150_pick_place/install/rx150_pick_place/share/rx150_pick_place/environment/ament_prefix_path.dsv
[1.203s] -- Symlinking: /home/hust/interbotix_ws/src/rx150_pick_place/install/rx150_pick_place/share/rx150_pick_place/environment/path.sh
[1.211s] -- Symlinking: /home/hust/interbotix_ws/src/rx150_pick_place/install/rx150_pick_place/share/rx150_pick_place/environment/path.dsv
[1.218s] -- Symlinking: /home/hust/interbotix_ws/src/rx150_pick_place/install/rx150_pick_place/share/rx150_pick_place/local_setup.bash
[1.225s] -- Symlinking: /home/hust/interbotix_ws/src/rx150_pick_place/install/rx150_pick_place/share/rx150_pick_place/local_setup.sh
[1.233s] -- Symlinking: /home/hust/interbotix_ws/src/rx150_pick_place/install/rx150_pick_place/share/rx150_pick_place/local_setup.zsh
[1.240s] -- Symlinking: /home/hust/interbotix_ws/src/rx150_pick_place/install/rx150_pick_place/share/rx150_pick_place/local_setup.dsv
[1.248s] -- Symlinking: /home/hust/interbotix_ws/src/rx150_pick_place/install/rx150_pick_place/share/rx150_pick_place/package.dsv
[1.256s] -- Symlinking: /home/hust/interbotix_ws/src/rx150_pick_place/install/rx150_pick_place/share/ament_index/resource_index/packages/rx150_pick_place
[1.264s] -- Symlinking: /home/hust/interbotix_ws/src/rx150_pick_place/install/rx150_pick_place/share/rx150_pick_place/cmake/rx150_pick_placeConfig.cmake
[1.271s] -- Symlinking: /home/hust/interbotix_ws/src/rx150_pick_place/install/rx150_pick_place/share/rx150_pick_place/cmake/rx150_pick_placeConfig-version.cmake
[1.279s] -- Symlinking: /home/hust/interbotix_ws/src/rx150_pick_place/install/rx150_pick_place/share/rx150_pick_place/package.xml
[1.288s] Invoked command in '/home/hust/interbotix_ws/src/rx150_pick_place/build/rx150_pick_place' returned '0': CMAKE_PREFIX_PATH=${CMAKE_PREFIX_PATH}:/home/hust/interbotix_ws/install/interbotix_xs_modules:/home/hust/interbotix_ws/install/interbotix_perception_modules:/home/hust/interbotix_ws/install/interbotix_common_modules:/home/hust/interbotix_ws/install/dynamixel_workbench_toolbox:/home/hust/easy_handeye2_ws/install/easy_handeye2:/home/hust/ws_moveit/install/moveit_configs_utils:/home/hust/ws_moveit/install/launch_param_builder:/opt/ros/humble /usr/bin/cmake --install /home/hust/interbotix_ws/src/rx150_pick_place/build/rx150_pick_place
